[0m16:06:34.794529 [debug] [MainThread]: Sending event: {'category': 'dbt', 'action': 'invocation', 'label': 'start', 'context': [<snowplow_tracker.self_describing_json.SelfDescribingJson object at 0x000002AA8C3EC820>, <snowplow_tracker.self_describing_json.SelfDescribingJson object at 0x000002AA8D4E13F0>, <snowplow_tracker.self_describing_json.SelfDescribingJson object at 0x000002AA8D4E1180>]}


============================== 16:06:34.805648 | 0e2ac237-ae68-458d-8557-c6659ebc4aeb ==============================
[0m16:06:34.805648 [info ] [MainThread]: Running with dbt=1.11.8
[0m16:06:34.807656 [debug] [MainThread]: running dbt with arguments {'printer_width': '80', 'use_experimental_parser': 'False', 'cache_selected_only': 'False', 'warn_error': 'None', 'empty': 'None', 'debug': 'False', 'static_parser': 'True', 'log_cache_events': 'False', 'profiles_dir': 'C:\\Users\\User\\.dbt', 'log_format': 'default', 'quiet': 'False', 'use_colors': 'True', 'partial_parse': 'True', 'version_check': 'True', 'log_path': 'logs', 'introspect': 'True', 'no_print': 'None', 'fail_fast': 'False', 'invocation_command': 'dbt init supply_chain_analytics', 'warn_error_options': 'WarnErrorOptionsV2(error=[], warn=[], silence=[])', 'send_anonymous_usage_stats': 'True', 'indirect_selection': 'eager', 'target_path': 'None', 'write_json': 'True'}
[0m16:06:34.874870 [debug] [MainThread]: Starter project path: C:\Users\User\AppData\Local\Programs\Python\Python310\lib\site-packages\dbt\include\starter_project
[0m16:06:35.113819 [info ] [MainThread]: 
Your new dbt project "supply_chain_analytics" was created!

For more information on how to configure the profiles.yml file,
please consult the dbt documentation here:

  https://docs.getdbt.com/docs/configure-your-profile

One more thing:

Need help? Don't hesitate to reach out to us via GitHub issues or on Slack:

  https://community.getdbt.com/

Happy modeling!

[0m16:06:35.114851 [info ] [MainThread]: Setting up your profile.
[0m16:08:57.919697 [info ] [MainThread]: Profile supply_chain_analytics written to C:\Users\User\.dbt\profiles.yml using target's profile_template.yml and your supplied values. Run 'dbt debug' to validate the connection.
[0m16:08:57.919697 [debug] [MainThread]: Command `dbt init` succeeded at 16:08:57.919697 after 143.44 seconds
[0m16:08:57.919697 [debug] [MainThread]: Sending event: {'category': 'dbt', 'action': 'invocation', 'label': 'end', 'context': [<snowplow_tracker.self_describing_json.SelfDescribingJson object at 0x000002AA8C3EC820>, <snowplow_tracker.self_describing_json.SelfDescribingJson object at 0x000002AA8D4E1960>, <snowplow_tracker.self_describing_json.SelfDescribingJson object at 0x000002AA8D4E13F0>]}
[0m16:08:57.919697 [debug] [MainThread]: Flushing usage events
[0m16:08:58.701026 [debug] [MainThread]: An error was encountered while trying to flush usage events
